real_yami Y 25
Westdoor Y 23
GodJJ Y 22
ICEJJ Y 22
Teddy Y 20
CashLu Y 19
TheShy Y 19
bebe Y 18
TsozenYeh Y 18
PYC Y 18
Allen Y 17
Andy Y 17
Wei Y 17
Faker Y 17
Amy Y 16
Theo Y 16
HalloWorld Y 16
Carole Y 16
Kiyohime Y 15
SunTalk Y 14
Chess Y 14
Joseph Y 13
Bobo Y 13
Ina Y 11
Toyz Y 11
Dalun Y 11
Roy Y 10
khan Y 10
