ICEJJ Y 21
Carole Y 18
TsozenYeh Y 16
Theo Y 16
Kiyohime Y 16
GodJJ Y 14
HalloWorld Y 14
Andy Y 12
Faker Y 12
Bobo Y 11
Roy Y 11
Westdoor Y 10
Toyz Y 10
real_yami Y 9
Wei Y 9
TheShy Y 9
PYC Y 9
Ina Y 9
Chess Y 8
Teddy Y 7
Joseph Y 7
Amy Y 7
bebe Y 7
khan Y 7
SunTalk Y 6
Allen Y 6
Dalun Y 5
CashLu Y 5
