TheShy Y 13
khan Y 8
TsozenYeh Y 8
Toyz Y 8
Theo Y 8
Faker Y 8
SunTalk Y 8
Allen Y 8
real_yami Y 7
HalloWorld Y 7
ICEJJ Y 7
Kiyohime Y 6
Westdoor Y 6
Wei Y 6
Teddy Y 6
Joseph Y 6
Roy Y 5
Ina Y 5
GodJJ Y 5
Amy Y 5
Dalun Y 4
Chess Y 4
Carole Y 4
Bobo Y 4
Andy Y 4
PYC Y 3
bebe Y 3
CashLu Y 2
