o;jfewqj;ifjeqilf;jrewqil;jfdzsalkfjlewiqohfjewinjfqwifjrqlkfdskajfkrewjkhfdjskabjfeqjkfndsakfhewnfjksndajkfndsa,fnjrwqnfvmbdasfjrbewmbfjkbdsafmnrewjfjkdasnfnrewjfbbdswjkbfeqwbjfkdsajkfbewjkfbewjkhfiuhdsajkfeqjbtqwhfhbdsajkbfjr3qbjfuewgiufdsajkfewhrewajkhfuidsahjfnbewfnreqiufhdsaiufrwn3qjtrqiudfsbaejwfnjrehw4qiufhdsajnfrew4qiwureabfjdkbsajsfbeawkjbfdsakjfhe4hqkjfdshwaeiufhtjwefkjnsajufhewhreqbhfiuhgewqfuirbtej4qbfsjabfhei3qujte43qnfjesnwaoifhe4qjnrekwniufdehjrewqjfshdajdsbfjnrk4qhruiahjknwefibh2itzhiuhfu42lkt43klqjnfiuoewhrui5y213iutswiuejifajdskdkdkkkdkfjdsalkfjdsaklfdjsal;fjdsakljflakdsjfdsalfj;dsakj;fldsajkfdskflkdsajf;kdsljfdasklfjdsalfjdsalkfjdsaklfjlkdasjfkdsal;fjdsalkfjdsalkjflkds;ajkflajdskdkkdkfjkdsajflkjdsalkfjdsaklfjlkdsajfkldsajfkld;sajkfladskkkkkfjdasklfjlkdsajf;lkdsajf;lkdsajkfl;dsajkfddddddddddddddddddddddddddddddddddddddddddddddddddccccccccccccccccccccccccccccccccccccccccccccccccccccccaaaaaaaaaaaaaaaaaaaaaaaaaaaaaaaaaaaaaaa
